https://test.net?a=1&id=690&b=2&c=3
http://a.com?id=835
http://a.com?id=775
https://test.net?a=1&id=835&b=2&c=3
https://test.net?a=1&id=897&b=2&c=3
http://bid.org?a=1&id=775
http://a.com?id=690
https://test.net?a=1&id=310&b=2&c=3
http://a.com?id=775
http://a.com?id=310
http://bid.org?id=835&id=835
http://a.com?id=835
https://test.net?a=1&id=775&b=2&c=3
http://bid.org?a=1&id=775
http://bid.org?a=1&id=310
http://bid.org?a=1&id=897
http://a.com?id=835
http://a.com?id=897
https://test.net?a=1&id=897&b=2&c=3
http://a.com?id=45
http://a.com?id=46
